PS C:\Users\ayoub\Desktop\GesCom\gescom> git remote add r-ayoub https://github.com/innovds/gescom.git
Switched to a new branch 'v-ayoub'
PS C:\Users\ayoub\Desktop\GesCom\gescom> git add .       
warning: LF will be replaced by CRLF in yarn.lock.
The file will have its original line endings in your working directory
PS C:\Users\ayoub\Desktop\GesCom\gescom> git commit -m "u1"
Author identity unknown

*** Please tell me who you are.

Run

  git config --global user.email "you@example.com"
  git config --global user.name "Your Name"

to set your account's default identity.
Omit --global to set the identity only in this repository.

fatal: unable to auto-detect email address (got 'ayoub@DESKTOP-CM4UG9B.(none)')
PS C:\Users\ayoub\Desktop\GesCom\gescom> git config --global user.name "ayoubboudra1" 
PS C:\Users\ayoub\Desktop\GesCom\gescom> git config --global user.email "ayoub.boudra1@gmail.com"
PS C:\Users\ayoub\Desktop\GesCom\gescom> git commit -m "u1"
[v-ayoub fd61981] u1
 21 files changed, 12786 insertions(+), 11081 deletions(-)
 create mode 100644 src/components/profile/ConsulterUtilisateur.tsx
 create mode 100644 src/components/profile/ListUtilisateur.tsx
 create mode 100644 src/components/profile/NouvelUtilisateur.tsx
 create mode 100644 src/components/profile/OneUser.tsx
 create mode 100644 src/components/profile/TableUser.tsx
 create mode 100644 src/components/profile/UserDetails.tsx
 rewrite src/pages/api/auth/[...nextauth].ts (86%)
 create mode 100644 src/pages/manager/gestionutilisateur/GestionUtilisateur.tsx
 create mode 100644 src/pages/manager/profile/Myprofil.tsx
PS C:\Users\ayoub\Desktop\GesCom\gescom> git push -u r-ayoub v-ayoub
Enumerating objects: 461, done.
Counting objects: 100% (461/461), done.
Delta compression using up to 4 threads
Compressing objects: 100% (206/206), done.
Writing objects: 100% (386/386), 684.51 KiB | 1.32 MiB/s, done.
Total 386 (delta 196), reused 309 (delta 156), pack-reused 0   
remote: Resolving deltas: 100% (196/196), completed with 47 local objects.
remote: 
remote: Create a pull request for 'v-ayoub' on GitHub by visiting:
remote:
To https://github.com/innovds/gescom.git
branch 'v-ayoub' set up to track 'r-ayoub/v-ayoub'.
PS C:\Users\ayoub\Desktop\GesCom\gescom>





























PS C:\Users\ayoub\Desktop\GesCom\gescom> git add .
PS C:\Users\ayoub\Desktop\GesCom\gescom> git commit -m "u2"
[v-ayoub b40b5c7] u2
 1 file changed, 1 insertion(+), 1 deletion(-)
PS C:\Users\ayoub\Desktop\GesCom\gescom> git push
Enumerating objects: 11, done.
Counting objects: 100% (11/11), done.
Delta compression using up to 4 threads
Compressing objects: 100% (6/6), done.
Writing objects: 100% (6/6), 501 bytes | 83.00 KiB/s, done.
Total 6 (delta 4), reused 0 (delta 0), pack-reused 0
remote: Resolving deltas: 100% (4/4), completed with 4 local objects.
To https://github.com/innovds/gescom.git
   fd61981..b40b5c7  v-ayoub -> v-ayoub
PS C:\Users\ayoub\Desktop\GesCom\gescom>